// Jest Snapshot v1, https://goo.gl/fbAQLP

exports[`meaning of the world equals to 42 using snapshots 1`] = `undefined`;
